[DEBUG] 2022-06-13 20:44:42,886 | /home/ubuntu/frappe-bench/apps/frappe/frappe/utils/scheduler.py:
Site: 10.0.2.15
Queued events for site 10.0.2.15
[DEBUG] 2022-06-13 20:45:43,166 | /home/ubuntu/frappe-bench/apps/frappe/frappe/utils/scheduler.py:
Site: 10.0.2.15
Queued events for site 10.0.2.15
[DEBUG] 2022-06-13 20:46:43,409 | /home/ubuntu/frappe-bench/apps/frappe/frappe/utils/scheduler.py:
Site: 10.0.2.15
Queued events for site 10.0.2.15
[DEBUG] 2022-06-13 20:47:43,656 | /home/ubuntu/frappe-bench/apps/frappe/frappe/utils/scheduler.py:
Site: 10.0.2.15
Queued events for site 10.0.2.15
[ERROR] 2022-06-13 20:48:43,876 | /home/ubuntu/frappe-bench/apps/frappe/frappe/utils/scheduler.py:
Site: 10.0.2.15
Exception in Enqueue Events for Site 10.0.2.15
Traceback (most recent call last):
  File "/home/ubuntu/frappe-bench/env/lib/python3.8/site-packages/pymysql/connections.py", line 581, in connect
    sock = socket.create_connection(
  File "/usr/lib/python3.8/socket.py", line 808, in create_connection
    raise err
  File "/usr/lib/python3.8/socket.py", line 796, in create_connection
    sock.connect(sa)
ConnectionRefusedError: [Errno 111] Connection refused

During handling of the above exception, another exception occurred:

Traceback (most recent call last):
  File "/home/ubuntu/frappe-bench/apps/frappe/frappe/utils/scheduler.py", line 81, in enqueue_events_for_site
    if is_scheduler_inactive():
  File "/home/ubuntu/frappe-bench/apps/frappe/frappe/utils/scheduler.py", line 228, in is_scheduler_inactive
    if is_scheduler_disabled():
  File "/home/ubuntu/frappe-bench/apps/frappe/frappe/utils/scheduler.py", line 237, in is_scheduler_disabled
    return not frappe.utils.cint(frappe.db.get_single_value("System Settings", "enable_scheduler"))
  File "/home/ubuntu/frappe-bench/apps/frappe/frappe/database/database.py", line 559, in get_single_value
    val = self.sql("""select `value` from
  File "/home/ubuntu/frappe-bench/apps/frappe/frappe/database/database.py", line 122, in sql
    self.connect()
  File "/home/ubuntu/frappe-bench/apps/frappe/frappe/database/database.py", line 75, in connect
    self._conn = self.get_connection()
  File "/home/ubuntu/frappe-bench/apps/frappe/frappe/database/mariadb/database.py", line 88, in get_connection
    conn = pymysql.connect(self.host, self.user or '', self.password or '',
  File "/home/ubuntu/frappe-bench/env/lib/python3.8/site-packages/pymysql/__init__.py", line 94, in Connect
    return Connection(*args, **kwargs)
  File "/home/ubuntu/frappe-bench/env/lib/python3.8/site-packages/pymysql/connections.py", line 325, in __init__
    self.connect()
  File "/home/ubuntu/frappe-bench/env/lib/python3.8/site-packages/pymysql/connections.py", line 630, in connect
    raise exc
pymysql.err.OperationalError: (2003, "Can't connect to MySQL server on 'localhost' ([Errno 111] Connection refused)")

[DEBUG] 2022-06-13 20:56:27,250 | /home/ubuntu/frappe-bench/apps/frappe/frappe/utils/scheduler.py:
Site: 10.0.2.15
Queued events for site 10.0.2.15
[DEBUG] 2022-06-13 20:57:27,451 | /home/ubuntu/frappe-bench/apps/frappe/frappe/utils/scheduler.py:
Site: 10.0.2.15
Queued events for site 10.0.2.15
[DEBUG] 2022-06-13 20:58:27,737 | /home/ubuntu/frappe-bench/apps/frappe/frappe/utils/scheduler.py:
Site: 10.0.2.15
Queued events for site 10.0.2.15
[DEBUG] 2022-06-13 20:59:29,082 | /home/ubuntu/frappe-bench/apps/frappe/frappe/utils/scheduler.py:
Site: 10.0.2.15
Queued events for site 10.0.2.15
[DEBUG] 2022-06-13 21:00:30,581 | /home/ubuntu/frappe-bench/apps/frappe/frappe/utils/scheduler.py:
Site: 10.0.2.15
Queued events for site 10.0.2.15
[DEBUG] 2022-06-13 21:01:30,950 | /home/ubuntu/frappe-bench/apps/frappe/frappe/utils/scheduler.py:
Site: 10.0.2.15
Queued events for site 10.0.2.15
[DEBUG] 2022-06-13 21:02:31,773 | /home/ubuntu/frappe-bench/apps/frappe/frappe/utils/scheduler.py:
Site: 10.0.2.15
Queued events for site 10.0.2.15
[DEBUG] 2022-06-13 21:03:33,672 | /home/ubuntu/frappe-bench/apps/frappe/frappe/utils/scheduler.py:
Site: 10.0.2.15
Queued events for site 10.0.2.15
[DEBUG] 2022-06-13 21:04:34,344 | /home/ubuntu/frappe-bench/apps/frappe/frappe/utils/scheduler.py:
Site: 10.0.2.15
Queued events for site 10.0.2.15
[DEBUG] 2022-06-13 21:05:35,451 | /home/ubuntu/frappe-bench/apps/frappe/frappe/utils/scheduler.py:
Site: 10.0.2.15
Queued events for site 10.0.2.15
[DEBUG] 2022-06-13 21:06:36,638 | /home/ubuntu/frappe-bench/apps/frappe/frappe/utils/scheduler.py:
Site: 10.0.2.15
Queued events for site 10.0.2.15
[DEBUG] 2022-06-13 21:07:37,341 | /home/ubuntu/frappe-bench/apps/frappe/frappe/utils/scheduler.py:
Site: 10.0.2.15
Queued events for site 10.0.2.15
[DEBUG] 2022-06-13 21:08:38,251 | /home/ubuntu/frappe-bench/apps/frappe/frappe/utils/scheduler.py:
Site: 10.0.2.15
Queued events for site 10.0.2.15
[DEBUG] 2022-06-13 21:09:38,847 | /home/ubuntu/frappe-bench/apps/frappe/frappe/utils/scheduler.py:
Site: 10.0.2.15
Queued events for site 10.0.2.15
[DEBUG] 2022-06-13 21:10:39,925 | /home/ubuntu/frappe-bench/apps/frappe/frappe/utils/scheduler.py:
Site: 10.0.2.15
Queued events for site 10.0.2.15
[DEBUG] 2022-06-13 21:11:40,652 | /home/ubuntu/frappe-bench/apps/frappe/frappe/utils/scheduler.py:
Site: 10.0.2.15
Queued events for site 10.0.2.15
[DEBUG] 2022-06-13 21:12:41,384 | /home/ubuntu/frappe-bench/apps/frappe/frappe/utils/scheduler.py:
Site: 10.0.2.15
Queued events for site 10.0.2.15
[DEBUG] 2022-06-13 21:13:41,775 | /home/ubuntu/frappe-bench/apps/frappe/frappe/utils/scheduler.py:
Site: 10.0.2.15
Queued events for site 10.0.2.15
[ERROR] 2022-06-13 21:15:33,770 | /home/ubuntu/frappe-bench/apps/frappe/frappe/utils/scheduler.py:
Site: 10.0.2.15
Exception in Enqueue Events for Site 10.0.2.15
Traceback (most recent call last):
  File "/home/ubuntu/frappe-bench/apps/frappe/frappe/database/database.py", line 156, in sql
    self._cursor.execute(query, values)
  File "/home/ubuntu/frappe-bench/env/lib/python3.8/site-packages/pymysql/cursors.py", line 170, in execute
    result = self._query(query)
  File "/home/ubuntu/frappe-bench/env/lib/python3.8/site-packages/pymysql/cursors.py", line 328, in _query
    conn.query(q)
  File "/home/ubuntu/frappe-bench/env/lib/python3.8/site-packages/pymysql/connections.py", line 517, in query
    self._affected_rows = self._read_query_result(unbuffered=unbuffered)
  File "/home/ubuntu/frappe-bench/env/lib/python3.8/site-packages/pymysql/connections.py", line 732, in _read_query_result
    result.read()
  File "/home/ubuntu/frappe-bench/env/lib/python3.8/site-packages/pymysql/connections.py", line 1075, in read
    first_packet = self.connection._read_packet()
  File "/home/ubuntu/frappe-bench/env/lib/python3.8/site-packages/pymysql/connections.py", line 684, in _read_packet
    packet.check_error()
  File "/home/ubuntu/frappe-bench/env/lib/python3.8/site-packages/pymysql/protocol.py", line 220, in check_error
    err.raise_mysql_exception(self._data)
  File "/home/ubuntu/frappe-bench/env/lib/python3.8/site-packages/pymysql/err.py", line 109, in raise_mysql_exception
    raise errorclass(errno, errval)
pymysql.err.InternalError: (1205, 'Lock wait timeout exceeded; try restarting transaction')

During handling of the above exception, another exception occurred:

Traceback (most recent call last):
  File "/home/ubuntu/frappe-bench/apps/frappe/frappe/utils/scheduler.py", line 84, in enqueue_events_for_site
    enqueue_events(site=site, queued_jobs=queued_jobs)
  File "/home/ubuntu/frappe-bench/apps/frappe/frappe/utils/scheduler.py", line 103, in enqueue_events
    frappe.db.set_value('System Settings', 'System Settings',
  File "/home/ubuntu/frappe-bench/apps/frappe/frappe/database/database.py", line 665, in set_value
    self.sql('''
  File "/home/ubuntu/frappe-bench/apps/frappe/frappe/database/database.py", line 194, in sql
    raise frappe.QueryTimeoutError(e)
frappe.exceptions.QueryTimeoutError: (1205, 'Lock wait timeout exceeded; try restarting transaction')

[DEBUG] 2022-06-13 21:17:11,445 | /home/ubuntu/frappe-bench/apps/frappe/frappe/utils/scheduler.py:
Site: 10.0.2.15
Queued events for site 10.0.2.15
[DEBUG] 2022-06-13 21:18:12,141 | /home/ubuntu/frappe-bench/apps/frappe/frappe/utils/scheduler.py:
Site: 10.0.2.15
Queued events for site 10.0.2.15
[DEBUG] 2022-06-13 21:19:12,655 | /home/ubuntu/frappe-bench/apps/frappe/frappe/utils/scheduler.py:
Site: 10.0.2.15
Queued events for site 10.0.2.15
[DEBUG] 2022-06-13 21:20:13,266 | /home/ubuntu/frappe-bench/apps/frappe/frappe/utils/scheduler.py:
Site: 10.0.2.15
Queued events for site 10.0.2.15
[DEBUG] 2022-06-13 21:21:13,921 | /home/ubuntu/frappe-bench/apps/frappe/frappe/utils/scheduler.py:
Site: 10.0.2.15
Queued events for site 10.0.2.15
[DEBUG] 2022-06-13 21:22:14,532 | /home/ubuntu/frappe-bench/apps/frappe/frappe/utils/scheduler.py:
Site: 10.0.2.15
Queued events for site 10.0.2.15
[DEBUG] 2022-06-13 21:23:15,319 | /home/ubuntu/frappe-bench/apps/frappe/frappe/utils/scheduler.py:
Site: 10.0.2.15
Queued events for site 10.0.2.15
[DEBUG] 2022-06-13 21:24:15,875 | /home/ubuntu/frappe-bench/apps/frappe/frappe/utils/scheduler.py:
Site: 10.0.2.15
Queued events for site 10.0.2.15
[DEBUG] 2022-06-13 21:25:16,579 | /home/ubuntu/frappe-bench/apps/frappe/frappe/utils/scheduler.py:
Site: 10.0.2.15
Queued events for site 10.0.2.15
[DEBUG] 2022-06-13 21:26:17,372 | /home/ubuntu/frappe-bench/apps/frappe/frappe/utils/scheduler.py:
Site: 10.0.2.15
Queued events for site 10.0.2.15
[DEBUG] 2022-06-13 21:27:18,207 | /home/ubuntu/frappe-bench/apps/frappe/frappe/utils/scheduler.py:
Site: 10.0.2.15
Queued events for site 10.0.2.15
[DEBUG] 2022-06-13 21:28:18,869 | /home/ubuntu/frappe-bench/apps/frappe/frappe/utils/scheduler.py:
Site: 10.0.2.15
Queued events for site 10.0.2.15
[DEBUG] 2022-06-13 21:29:19,798 | /home/ubuntu/frappe-bench/apps/frappe/frappe/utils/scheduler.py:
Site: 10.0.2.15
Queued events for site 10.0.2.15
[DEBUG] 2022-06-13 21:30:20,654 | /home/ubuntu/frappe-bench/apps/frappe/frappe/utils/scheduler.py:
Site: 10.0.2.15
Queued events for site 10.0.2.15
[DEBUG] 2022-06-13 21:31:21,495 | /home/ubuntu/frappe-bench/apps/frappe/frappe/utils/scheduler.py:
Site: 10.0.2.15
Queued events for site 10.0.2.15
[DEBUG] 2022-06-13 21:32:22,400 | /home/ubuntu/frappe-bench/apps/frappe/frappe/utils/scheduler.py:
Site: 10.0.2.15
Queued events for site 10.0.2.15
[DEBUG] 2022-06-13 21:33:23,819 | /home/ubuntu/frappe-bench/apps/frappe/frappe/utils/scheduler.py:
Site: 10.0.2.15
Queued events for site 10.0.2.15
[DEBUG] 2022-06-13 21:34:24,475 | /home/ubuntu/frappe-bench/apps/frappe/frappe/utils/scheduler.py:
Site: 10.0.2.15
Queued events for site 10.0.2.15
[DEBUG] 2022-06-13 21:35:25,330 | /home/ubuntu/frappe-bench/apps/frappe/frappe/utils/scheduler.py:
Site: 10.0.2.15
Queued events for site 10.0.2.15
[DEBUG] 2022-06-13 21:36:26,102 | /home/ubuntu/frappe-bench/apps/frappe/frappe/utils/scheduler.py:
Site: 10.0.2.15
Queued events for site 10.0.2.15
[DEBUG] 2022-06-13 21:37:26,878 | /home/ubuntu/frappe-bench/apps/frappe/frappe/utils/scheduler.py:
Site: 10.0.2.15
Queued events for site 10.0.2.15
[DEBUG] 2022-06-13 21:38:27,431 | /home/ubuntu/frappe-bench/apps/frappe/frappe/utils/scheduler.py:
Site: 10.0.2.15
Queued events for site 10.0.2.15
[DEBUG] 2022-06-13 21:39:28,149 | /home/ubuntu/frappe-bench/apps/frappe/frappe/utils/scheduler.py:
Site: 10.0.2.15
Queued events for site 10.0.2.15
[DEBUG] 2022-06-13 21:40:28,789 | /home/ubuntu/frappe-bench/apps/frappe/frappe/utils/scheduler.py:
Site: 10.0.2.15
Queued events for site 10.0.2.15
[DEBUG] 2022-06-13 21:41:30,129 | /home/ubuntu/frappe-bench/apps/frappe/frappe/utils/scheduler.py:
Site: 10.0.2.15
Queued events for site 10.0.2.15
[DEBUG] 2022-06-13 21:42:30,932 | /home/ubuntu/frappe-bench/apps/frappe/frappe/utils/scheduler.py:
Site: 10.0.2.15
Queued events for site 10.0.2.15
[DEBUG] 2022-06-13 21:43:31,532 | /home/ubuntu/frappe-bench/apps/frappe/frappe/utils/scheduler.py:
Site: 10.0.2.15
Queued events for site 10.0.2.15
[DEBUG] 2022-06-13 21:44:32,227 | /home/ubuntu/frappe-bench/apps/frappe/frappe/utils/scheduler.py:
Site: 10.0.2.15
Queued events for site 10.0.2.15
[DEBUG] 2022-06-13 21:45:32,822 | /home/ubuntu/frappe-bench/apps/frappe/frappe/utils/scheduler.py:
Site: 10.0.2.15
Queued events for site 10.0.2.15
[DEBUG] 2022-06-13 21:46:33,458 | /home/ubuntu/frappe-bench/apps/frappe/frappe/utils/scheduler.py:
Site: 10.0.2.15
Queued events for site 10.0.2.15
[DEBUG] 2022-06-13 21:47:34,034 | /home/ubuntu/frappe-bench/apps/frappe/frappe/utils/scheduler.py:
Site: 10.0.2.15
Queued events for site 10.0.2.15
[DEBUG] 2022-06-13 21:48:34,795 | /home/ubuntu/frappe-bench/apps/frappe/frappe/utils/scheduler.py:
Site: 10.0.2.15
Queued events for site 10.0.2.15
[DEBUG] 2022-06-13 21:49:35,612 | /home/ubuntu/frappe-bench/apps/frappe/frappe/utils/scheduler.py:
Site: 10.0.2.15
Queued events for site 10.0.2.15
[DEBUG] 2022-06-13 21:50:36,112 | /home/ubuntu/frappe-bench/apps/frappe/frappe/utils/scheduler.py:
Site: 10.0.2.15
Queued events for site 10.0.2.15
[DEBUG] 2022-06-13 21:51:36,828 | /home/ubuntu/frappe-bench/apps/frappe/frappe/utils/scheduler.py:
Site: 10.0.2.15
Queued events for site 10.0.2.15
[DEBUG] 2022-06-13 21:52:37,482 | /home/ubuntu/frappe-bench/apps/frappe/frappe/utils/scheduler.py:
Site: 10.0.2.15
Queued events for site 10.0.2.15
[DEBUG] 2022-06-13 21:53:38,774 | /home/ubuntu/frappe-bench/apps/frappe/frappe/utils/scheduler.py:
Site: 10.0.2.15
Queued events for site 10.0.2.15
[DEBUG] 2022-06-13 21:54:39,651 | /home/ubuntu/frappe-bench/apps/frappe/frappe/utils/scheduler.py:
Site: 10.0.2.15
Queued events for site 10.0.2.15
[DEBUG] 2022-06-13 21:55:40,317 | /home/ubuntu/frappe-bench/apps/frappe/frappe/utils/scheduler.py:
Site: 10.0.2.15
Queued events for site 10.0.2.15
[DEBUG] 2022-06-13 21:56:40,882 | /home/ubuntu/frappe-bench/apps/frappe/frappe/utils/scheduler.py:
Site: 10.0.2.15
Queued events for site 10.0.2.15
[DEBUG] 2022-06-13 21:57:41,354 | /home/ubuntu/frappe-bench/apps/frappe/frappe/utils/scheduler.py:
Site: 10.0.2.15
Queued events for site 10.0.2.15
[DEBUG] 2022-06-13 21:58:42,037 | /home/ubuntu/frappe-bench/apps/frappe/frappe/utils/scheduler.py:
Site: 10.0.2.15
Queued events for site 10.0.2.15
[DEBUG] 2022-06-13 21:59:42,729 | /home/ubuntu/frappe-bench/apps/frappe/frappe/utils/scheduler.py:
Site: 10.0.2.15
Queued events for site 10.0.2.15
[DEBUG] 2022-06-13 22:00:43,842 | /home/ubuntu/frappe-bench/apps/frappe/frappe/utils/scheduler.py:
Site: 10.0.2.15
Queued events for site 10.0.2.15
[DEBUG] 2022-06-13 22:01:44,452 | /home/ubuntu/frappe-bench/apps/frappe/frappe/utils/scheduler.py:
Site: 10.0.2.15
Queued events for site 10.0.2.15
[DEBUG] 2022-06-13 22:02:45,108 | /home/ubuntu/frappe-bench/apps/frappe/frappe/utils/scheduler.py:
Site: 10.0.2.15
Queued events for site 10.0.2.15
[DEBUG] 2022-06-13 22:03:45,825 | /home/ubuntu/frappe-bench/apps/frappe/frappe/utils/scheduler.py:
Site: 10.0.2.15
Queued events for site 10.0.2.15
[DEBUG] 2022-06-13 22:04:46,860 | /home/ubuntu/frappe-bench/apps/frappe/frappe/utils/scheduler.py:
Site: 10.0.2.15
Queued events for site 10.0.2.15
[DEBUG] 2022-06-13 22:05:47,851 | /home/ubuntu/frappe-bench/apps/frappe/frappe/utils/scheduler.py:
Site: 10.0.2.15
Queued events for site 10.0.2.15
[DEBUG] 2022-06-13 22:06:48,594 | /home/ubuntu/frappe-bench/apps/frappe/frappe/utils/scheduler.py:
Site: 10.0.2.15
Queued events for site 10.0.2.15
[DEBUG] 2022-06-13 22:07:49,473 | /home/ubuntu/frappe-bench/apps/frappe/frappe/utils/scheduler.py:
Site: 10.0.2.15
Queued events for site 10.0.2.15
[DEBUG] 2022-06-13 22:08:50,546 | /home/ubuntu/frappe-bench/apps/frappe/frappe/utils/scheduler.py:
Site: 10.0.2.15
Queued events for site 10.0.2.15
[DEBUG] 2022-06-13 22:09:51,321 | /home/ubuntu/frappe-bench/apps/frappe/frappe/utils/scheduler.py:
Site: 10.0.2.15
Queued events for site 10.0.2.15
[DEBUG] 2022-06-13 22:10:51,852 | /home/ubuntu/frappe-bench/apps/frappe/frappe/utils/scheduler.py:
Site: 10.0.2.15
Queued events for site 10.0.2.15
[DEBUG] 2022-06-13 22:11:52,635 | /home/ubuntu/frappe-bench/apps/frappe/frappe/utils/scheduler.py:
Site: 10.0.2.15
Queued events for site 10.0.2.15
[DEBUG] 2022-06-13 22:12:53,597 | /home/ubuntu/frappe-bench/apps/frappe/frappe/utils/scheduler.py:
Site: 10.0.2.15
Queued events for site 10.0.2.15
[DEBUG] 2022-06-13 22:13:54,570 | /home/ubuntu/frappe-bench/apps/frappe/frappe/utils/scheduler.py:
Site: 10.0.2.15
Queued events for site 10.0.2.15
[DEBUG] 2022-06-13 22:14:55,311 | /home/ubuntu/frappe-bench/apps/frappe/frappe/utils/scheduler.py:
Site: 10.0.2.15
Queued events for site 10.0.2.15
[DEBUG] 2022-06-13 22:15:55,816 | /home/ubuntu/frappe-bench/apps/frappe/frappe/utils/scheduler.py:
Site: 10.0.2.15
Queued events for site 10.0.2.15
[DEBUG] 2022-06-13 22:16:56,567 | /home/ubuntu/frappe-bench/apps/frappe/frappe/utils/scheduler.py:
Site: 10.0.2.15
Queued events for site 10.0.2.15
[DEBUG] 2022-06-13 22:17:57,502 | /home/ubuntu/frappe-bench/apps/frappe/frappe/utils/scheduler.py:
Site: 10.0.2.15
Queued events for site 10.0.2.15
[DEBUG] 2022-06-13 22:18:58,167 | /home/ubuntu/frappe-bench/apps/frappe/frappe/utils/scheduler.py:
Site: 10.0.2.15
Queued events for site 10.0.2.15
[DEBUG] 2022-06-13 22:19:58,964 | /home/ubuntu/frappe-bench/apps/frappe/frappe/utils/scheduler.py:
Site: 10.0.2.15
Queued events for site 10.0.2.15
[DEBUG] 2022-06-13 22:20:59,918 | /home/ubuntu/frappe-bench/apps/frappe/frappe/utils/scheduler.py:
Site: 10.0.2.15
Queued events for site 10.0.2.15
[DEBUG] 2022-06-13 22:22:00,472 | /home/ubuntu/frappe-bench/apps/frappe/frappe/utils/scheduler.py:
Site: 10.0.2.15
Queued events for site 10.0.2.15
[DEBUG] 2022-06-13 22:23:00,843 | /home/ubuntu/frappe-bench/apps/frappe/frappe/utils/scheduler.py:
Site: 10.0.2.15
Queued events for site 10.0.2.15
[DEBUG] 2022-06-13 22:24:01,606 | /home/ubuntu/frappe-bench/apps/frappe/frappe/utils/scheduler.py:
Site: 10.0.2.15
Queued events for site 10.0.2.15
[DEBUG] 2022-06-13 22:25:02,427 | /home/ubuntu/frappe-bench/apps/frappe/frappe/utils/scheduler.py:
Site: 10.0.2.15
Queued events for site 10.0.2.15
[DEBUG] 2022-06-13 22:26:03,180 | /home/ubuntu/frappe-bench/apps/frappe/frappe/utils/scheduler.py:
Site: 10.0.2.15
Queued events for site 10.0.2.15
[DEBUG] 2022-06-13 22:27:04,245 | /home/ubuntu/frappe-bench/apps/frappe/frappe/utils/scheduler.py:
Site: 10.0.2.15
Queued events for site 10.0.2.15
[DEBUG] 2022-06-13 22:28:04,989 | /home/ubuntu/frappe-bench/apps/frappe/frappe/utils/scheduler.py:
Site: 10.0.2.15
Queued events for site 10.0.2.15
[DEBUG] 2022-06-13 22:29:05,841 | /home/ubuntu/frappe-bench/apps/frappe/frappe/utils/scheduler.py:
Site: 10.0.2.15
Queued events for site 10.0.2.15
[DEBUG] 2022-06-13 22:30:06,703 | /home/ubuntu/frappe-bench/apps/frappe/frappe/utils/scheduler.py:
Site: 10.0.2.15
Queued events for site 10.0.2.15
[DEBUG] 2022-06-13 22:31:07,508 | /home/ubuntu/frappe-bench/apps/frappe/frappe/utils/scheduler.py:
Site: 10.0.2.15
Queued events for site 10.0.2.15
[DEBUG] 2022-06-13 22:32:08,224 | /home/ubuntu/frappe-bench/apps/frappe/frappe/utils/scheduler.py:
Site: 10.0.2.15
Queued events for site 10.0.2.15
[DEBUG] 2022-06-13 22:33:09,747 | /home/ubuntu/frappe-bench/apps/frappe/frappe/utils/scheduler.py:
Site: 10.0.2.15
Queued events for site 10.0.2.15
[DEBUG] 2022-06-13 22:34:10,543 | /home/ubuntu/frappe-bench/apps/frappe/frappe/utils/scheduler.py:
Site: 10.0.2.15
Queued events for site 10.0.2.15
[DEBUG] 2022-06-13 22:35:11,313 | /home/ubuntu/frappe-bench/apps/frappe/frappe/utils/scheduler.py:
Site: 10.0.2.15
Queued events for site 10.0.2.15
[DEBUG] 2022-06-13 22:36:11,852 | /home/ubuntu/frappe-bench/apps/frappe/frappe/utils/scheduler.py:
Site: 10.0.2.15
Queued events for site 10.0.2.15
[DEBUG] 2022-06-13 22:37:12,570 | /home/ubuntu/frappe-bench/apps/frappe/frappe/utils/scheduler.py:
Site: 10.0.2.15
Queued events for site 10.0.2.15
[DEBUG] 2022-06-13 22:38:13,504 | /home/ubuntu/frappe-bench/apps/frappe/frappe/utils/scheduler.py:
Site: 10.0.2.15
Queued events for site 10.0.2.15
[DEBUG] 2022-06-13 22:39:14,396 | /home/ubuntu/frappe-bench/apps/frappe/frappe/utils/scheduler.py:
Site: 10.0.2.15
Queued events for site 10.0.2.15
[DEBUG] 2022-06-13 22:40:26,587 | /home/ubuntu/frappe-bench/apps/frappe/frappe/utils/scheduler.py:
Site: 10.0.2.15
Queued events for site 10.0.2.15
[DEBUG] 2022-06-13 22:41:27,990 | /home/ubuntu/frappe-bench/apps/frappe/frappe/utils/scheduler.py:
Site: 10.0.2.15
Queued events for site 10.0.2.15
[DEBUG] 2022-06-13 22:42:28,850 | /home/ubuntu/frappe-bench/apps/frappe/frappe/utils/scheduler.py:
Site: 10.0.2.15
Queued events for site 10.0.2.15
[DEBUG] 2022-06-13 22:43:29,865 | /home/ubuntu/frappe-bench/apps/frappe/frappe/utils/scheduler.py:
Site: 10.0.2.15
Queued events for site 10.0.2.15
[DEBUG] 2022-06-13 22:44:30,341 | /home/ubuntu/frappe-bench/apps/frappe/frappe/utils/scheduler.py:
Site: 10.0.2.15
Queued events for site 10.0.2.15
[DEBUG] 2022-06-13 22:45:31,059 | /home/ubuntu/frappe-bench/apps/frappe/frappe/utils/scheduler.py:
Site: 10.0.2.15
Queued events for site 10.0.2.15
[DEBUG] 2022-06-13 22:46:31,974 | /home/ubuntu/frappe-bench/apps/frappe/frappe/utils/scheduler.py:
Site: 10.0.2.15
Queued events for site 10.0.2.15
[DEBUG] 2022-06-13 22:47:32,979 | /home/ubuntu/frappe-bench/apps/frappe/frappe/utils/scheduler.py:
Site: 10.0.2.15
Queued events for site 10.0.2.15
[DEBUG] 2022-06-13 22:48:33,981 | /home/ubuntu/frappe-bench/apps/frappe/frappe/utils/scheduler.py:
Site: 10.0.2.15
Queued events for site 10.0.2.15
[DEBUG] 2022-06-13 22:49:34,113 | /home/ubuntu/frappe-bench/apps/frappe/frappe/utils/scheduler.py:
Site: 10.0.2.15
Queued events for site 10.0.2.15
[DEBUG] 2022-06-13 22:50:34,465 | /home/ubuntu/frappe-bench/apps/frappe/frappe/utils/scheduler.py:
Site: 10.0.2.15
Queued events for site 10.0.2.15
[DEBUG] 2022-06-13 22:51:35,291 | /home/ubuntu/frappe-bench/apps/frappe/frappe/utils/scheduler.py:
Site: 10.0.2.15
Queued events for site 10.0.2.15
[DEBUG] 2022-06-13 22:52:35,986 | /home/ubuntu/frappe-bench/apps/frappe/frappe/utils/scheduler.py:
Site: 10.0.2.15
Queued events for site 10.0.2.15
[DEBUG] 2022-06-13 22:53:37,279 | /home/ubuntu/frappe-bench/apps/frappe/frappe/utils/scheduler.py:
Site: 10.0.2.15
Queued events for site 10.0.2.15
[DEBUG] 2022-06-13 22:54:37,785 | /home/ubuntu/frappe-bench/apps/frappe/frappe/utils/scheduler.py:
Site: 10.0.2.15
Queued events for site 10.0.2.15
[DEBUG] 2022-06-13 22:55:38,305 | /home/ubuntu/frappe-bench/apps/frappe/frappe/utils/scheduler.py:
Site: 10.0.2.15
Queued events for site 10.0.2.15
[DEBUG] 2022-06-13 22:56:38,952 | /home/ubuntu/frappe-bench/apps/frappe/frappe/utils/scheduler.py:
Site: 10.0.2.15
Queued events for site 10.0.2.15
[DEBUG] 2022-06-13 22:57:39,810 | /home/ubuntu/frappe-bench/apps/frappe/frappe/utils/scheduler.py:
Site: 10.0.2.15
Queued events for site 10.0.2.15
[DEBUG] 2022-06-13 22:58:40,070 | /home/ubuntu/frappe-bench/apps/frappe/frappe/utils/scheduler.py:
Site: 10.0.2.15
Queued events for site 10.0.2.15
[DEBUG] 2022-06-13 22:59:40,388 | /home/ubuntu/frappe-bench/apps/frappe/frappe/utils/scheduler.py:
Site: 10.0.2.15
Queued events for site 10.0.2.15
[DEBUG] 2022-06-13 23:00:41,782 | /home/ubuntu/frappe-bench/apps/frappe/frappe/utils/scheduler.py:
Site: 10.0.2.15
Queued events for site 10.0.2.15
[DEBUG] 2022-06-13 23:01:42,820 | /home/ubuntu/frappe-bench/apps/frappe/frappe/utils/scheduler.py:
Site: 10.0.2.15
Queued events for site 10.0.2.15
[DEBUG] 2022-06-13 23:02:43,041 | /home/ubuntu/frappe-bench/apps/frappe/frappe/utils/scheduler.py:
Site: 10.0.2.15
Queued events for site 10.0.2.15
[DEBUG] 2022-06-13 23:03:43,451 | /home/ubuntu/frappe-bench/apps/frappe/frappe/utils/scheduler.py:
Site: 10.0.2.15
Queued events for site 10.0.2.15
[DEBUG] 2022-06-13 23:04:43,800 | /home/ubuntu/frappe-bench/apps/frappe/frappe/utils/scheduler.py:
Site: 10.0.2.15
Queued events for site 10.0.2.15
[DEBUG] 2022-06-13 23:05:44,050 | /home/ubuntu/frappe-bench/apps/frappe/frappe/utils/scheduler.py:
Site: 10.0.2.15
Queued events for site 10.0.2.15
[DEBUG] 2022-06-13 23:06:44,594 | /home/ubuntu/frappe-bench/apps/frappe/frappe/utils/scheduler.py:
Site: 10.0.2.15
Queued events for site 10.0.2.15
[DEBUG] 2022-06-13 23:07:45,378 | /home/ubuntu/frappe-bench/apps/frappe/frappe/utils/scheduler.py:
Site: 10.0.2.15
Queued events for site 10.0.2.15
[DEBUG] 2022-06-13 23:08:45,746 | /home/ubuntu/frappe-bench/apps/frappe/frappe/utils/scheduler.py:
Site: 10.0.2.15
Queued events for site 10.0.2.15
[DEBUG] 2022-06-13 23:09:45,979 | /home/ubuntu/frappe-bench/apps/frappe/frappe/utils/scheduler.py:
Site: 10.0.2.15
Queued events for site 10.0.2.15
[DEBUG] 2022-06-13 23:10:46,287 | /home/ubuntu/frappe-bench/apps/frappe/frappe/utils/scheduler.py:
Site: 10.0.2.15
Queued events for site 10.0.2.15
[DEBUG] 2022-06-13 23:11:46,831 | /home/ubuntu/frappe-bench/apps/frappe/frappe/utils/scheduler.py:
Site: 10.0.2.15
Queued events for site 10.0.2.15
[DEBUG] 2022-06-13 23:12:47,146 | /home/ubuntu/frappe-bench/apps/frappe/frappe/utils/scheduler.py:
Site: 10.0.2.15
Queued events for site 10.0.2.15
[DEBUG] 2022-06-13 23:13:47,673 | /home/ubuntu/frappe-bench/apps/frappe/frappe/utils/scheduler.py:
Site: 10.0.2.15
Queued events for site 10.0.2.15
[DEBUG] 2022-06-14 00:37:38,754 | /home/ubuntu/frappe-bench/apps/frappe/frappe/utils/scheduler.py:
Site: 10.0.2.15
Queued events for site 10.0.2.15
[ERROR] 2022-06-14 00:38:38,891 | /home/ubuntu/frappe-bench/apps/frappe/frappe/utils/scheduler.py:
Site: 10.0.2.15
Exception in Enqueue Events for Site 10.0.2.15
Traceback (most recent call last):
  File "/home/ubuntu/frappe-bench/env/lib/python3.8/site-packages/pymysql/connections.py", line 581, in connect
    sock = socket.create_connection(
  File "/usr/lib/python3.8/socket.py", line 808, in create_connection
    raise err
  File "/usr/lib/python3.8/socket.py", line 796, in create_connection
    sock.connect(sa)
ConnectionRefusedError: [Errno 111] Connection refused

During handling of the above exception, another exception occurred:

Traceback (most recent call last):
  File "/home/ubuntu/frappe-bench/apps/frappe/frappe/utils/scheduler.py", line 81, in enqueue_events_for_site
    if is_scheduler_inactive():
  File "/home/ubuntu/frappe-bench/apps/frappe/frappe/utils/scheduler.py", line 228, in is_scheduler_inactive
    if is_scheduler_disabled():
  File "/home/ubuntu/frappe-bench/apps/frappe/frappe/utils/scheduler.py", line 237, in is_scheduler_disabled
    return not frappe.utils.cint(frappe.db.get_single_value("System Settings", "enable_scheduler"))
  File "/home/ubuntu/frappe-bench/apps/frappe/frappe/database/database.py", line 559, in get_single_value
    val = self.sql("""select `value` from
  File "/home/ubuntu/frappe-bench/apps/frappe/frappe/database/database.py", line 122, in sql
    self.connect()
  File "/home/ubuntu/frappe-bench/apps/frappe/frappe/database/database.py", line 75, in connect
    self._conn = self.get_connection()
  File "/home/ubuntu/frappe-bench/apps/frappe/frappe/database/mariadb/database.py", line 88, in get_connection
    conn = pymysql.connect(self.host, self.user or '', self.password or '',
  File "/home/ubuntu/frappe-bench/env/lib/python3.8/site-packages/pymysql/__init__.py", line 94, in Connect
    return Connection(*args, **kwargs)
  File "/home/ubuntu/frappe-bench/env/lib/python3.8/site-packages/pymysql/connections.py", line 325, in __init__
    self.connect()
  File "/home/ubuntu/frappe-bench/env/lib/python3.8/site-packages/pymysql/connections.py", line 630, in connect
    raise exc
pymysql.err.OperationalError: (2003, "Can't connect to MySQL server on 'localhost' ([Errno 111] Connection refused)")

[DEBUG] 2022-06-14 00:48:23,162 | /home/ubuntu/frappe-bench/apps/frappe/frappe/utils/scheduler.py:
Site: 10.0.2.15
Queued events for site 10.0.2.15
[DEBUG] 2022-06-14 00:49:23,677 | /home/ubuntu/frappe-bench/apps/frappe/frappe/utils/scheduler.py:
Site: 10.0.2.15
Queued events for site 10.0.2.15
[DEBUG] 2022-06-14 00:50:24,062 | /home/ubuntu/frappe-bench/apps/frappe/frappe/utils/scheduler.py:
Site: 10.0.2.15
Queued events for site 10.0.2.15
[DEBUG] 2022-06-14 00:51:24,367 | /home/ubuntu/frappe-bench/apps/frappe/frappe/utils/scheduler.py:
Site: 10.0.2.15
Queued events for site 10.0.2.15
[DEBUG] 2022-06-14 00:52:26,519 | /home/ubuntu/frappe-bench/apps/frappe/frappe/utils/scheduler.py:
Site: 10.0.2.15
Queued events for site 10.0.2.15
[DEBUG] 2022-06-14 00:53:27,866 | /home/ubuntu/frappe-bench/apps/frappe/frappe/utils/scheduler.py:
Site: 10.0.2.15
Queued events for site 10.0.2.15
[DEBUG] 2022-06-14 00:54:29,330 | /home/ubuntu/frappe-bench/apps/frappe/frappe/utils/scheduler.py:
Site: 10.0.2.15
Queued events for site 10.0.2.15
[DEBUG] 2022-06-14 00:55:29,902 | /home/ubuntu/frappe-bench/apps/frappe/frappe/utils/scheduler.py:
Site: 10.0.2.15
Queued events for site 10.0.2.15
[DEBUG] 2022-06-14 00:56:30,455 | /home/ubuntu/frappe-bench/apps/frappe/frappe/utils/scheduler.py:
Site: 10.0.2.15
Queued events for site 10.0.2.15
